Gd, Gd, Gd, Gg, Gs, Gs, Gs, Gg, Gg^Eff, Gs, Gs^Fms, Gs^Fms, Gg, Gg, Gg, Gg, Gg, Gg, Gg, Gg, Rr, Gs, Gs, Gs, Gs^Fds, Gs, Gg, Gg, Gg, Gg, Hh, Hh, Hh, Gg, Gs, Gs, Gs, Gg
Re, Gd, Gd, Gs, Gs, Gs, Gg^Eff, Gs^Eff, Re^Gvs, Gs^Eff, Gg^Eff, Gs^Fms, Gd, Gd, Gs^Fms, Gg, Gs, Gs, Gs^Vh, Gg, Rp, Gs, Gs^Fds, Gs^Fds, Gs, Gg, Gs^Fds, Gg, Hh, Hh, Gs, Hh, Hh, Hh, 4 Ke, Ce, Gg, Gs
Re, Re, Re, Gs, Gs, Gs^Vh, Re^Gvs, Re^Gvs, Re^Gvs, Re^Gvs, Re^Gvs, Gd^Eff, Gg^Eff, Gg, Gs^Fms, Gs^Fms, Gd, Gg, Gs, Gs, Rp, Gs, Gs^Fds, Gs^Fds, Hh, Hh, Gs^Fds, Gs, Gs, Gs, Gs, Hh, Gs, Ce, Ce, Ce, Ce, Gs
Gg, Gg, Gs^Fms, Rp, Rp, Re^Gvs, Re^Gvs, Re^Gvs, Re^Gvs, Re^Gvs, Re^Gvs, Re^Gvs, Gs^Fms, Gg, Gs^Fms, Gd, Gs, Gg, Re, Rp, Gd^Es, Gd, Gd, Hh, Gd, Hh, Gs^Fds, Gg, Gs, Gs^Vh, Gg, Gg, Hh, Ce, Gg, Gs, Hh, Gs
Gg, Gg^Efm, Gs^Fms, Gs^Fms, Rp, Re^Gvs, Re^Gvs, Re^Gvs, Re^Gvs, Re^Gvs, Gs^Vh, Gg^Efm, Gg^Es, Gs^Fms, Gd, Gs^Fms, Gd^Es, Gd, Rr, Rp^Es, Gs, Gs, Gs^Vh, Gd, Gs^Fds, Gs, Gg, Gg, Gs, Gs, Hh, Gd, Gs, Gs, Gs, Hh, Hh, Gs^Fds
Gs, Gs^Fms, Gg, Gs^Fms, Rp, Gd, Gd, Re^Gvs, Gs^Fms, Gs, Gg, Gg, Re, Gg, Re^Es, Re^Es, Re, Gd, Rr, Rp, Re^Es, Gs, Gs, Gs, Gs, Gs, Gs, Gs^Efm, Gg, Hh, Hh, Gs^Fds, Gs^Fds, Gs, Hh, Hh, Hh, Gs^Fds
Gs, Gg, Gs^Vh, Gs, Gs, Rp, Re, Gg, Gs^Es, Gs, Re, Re, Qxu, Re^Es, Re, Re^Es, Re, Rr, Rr, Rr, Rr, Rr, Rr, Rr, Qxu, Gs, Gg, Gg, Gg, Hh, Hh, Hh, Gs^Fds, Gs^Fds, Gg, Hh, Gd, Gg
Gs, Gs, Gs, Gs, Gs^Eff, Gs^Eff, Gs^Eff, Re, Re, Re, Hh, Qxu, Md^Xm, Qxu, Qxu, Qxu, Md^Xm, Rr, Ch, Rr, Md^Xm, Qxu, Qxu, Qxu, Md^Xm, Qxu, Hh, Gg, Gg, Hh, Gg, Gs, Re^Eff, Gd^Eff, Gg^Eff, Gd, Gg, Gg
Gs, Gs, Gd^Eff, Gs^Eff, Re^Gvs, Re^Gvs, Re^Gvs, Gs, Re, Hh, Mm, Mm, Ch, Md^Xm, Md^Xm, Md^Xm, Isa, Ch, Ch, Ch, Isa, Md^Xm, Md^Xm, Md^Xm, Ch, Mm, Mm, Hh, Gg, Gs^Fds, Gs^Fds, Gs^Vh, Re^Gvs, Re^Gvs, Re^Wm, Gs^Eff, Gs, Gg
Gg, Gd^Eff, Re^Gvs, Re^Gvs, Re^Gvs, Re^Gvs, Re^Gvs, Gd, Re, Hh, Mm, Ch, Isa, Ch, Isa, Isa^Vhc, Isa, Isa, Isa, Isa, Isa, Isa^Vhc, Isa, Ch, Isa, Ch, Mm, Hh, Re, Gs, Re^Gvs, Re^Gvs, Re^Gvs, Re^Gvs, Re^Gvs, Re^Gvs, Gs, Gg
Gg, Gg, Gg^Wm, Re^Gvs, Gs^Vh, Re^Gvs, Gg, Gd, Re^Es, Qxu, Mm^Xm, Ch, Ch, Ch, Mm, Isa, Isa^Vhc, Isa, Isa, Isa, Isa^Vhc, Isa, Mm, Ch, Ch, Ch, Md^Xm, Qxu, Re, Gs^Es, Gs, Re^Gvs, Re^Gvs, Re^Gvs, Re^Gvs, Re^Gvs, Gs, Gs
Gg, Gg, Gs^Fms, Gs^Fms, Gs, Gs, Gs^Es, Gs^Es, Re, Qxu, Qxu, Md^Xm, Isa, Isa, Mm, Mm, Qxu, Qxu, Ch, Qxu, Qxu, Mm, Mm, Isa, Isa, Md^Xm, Qxu, Qxu, Re, Re^Es, Re^Es, Re^Eff, Gg^Eff, Re^Gvs, Gg^Eff, Gs^Vh, Gd, Gs
Re, Gs^Fms, Gs, Gs^Fms, Re, Gs^Fms, Gs, Gs, Rp^Es, Rp, Rr, Md^Xm, Isa, Isa^Vhc, Mm, Qxu, Ch, Ch, Ch, Ch, Ch, Qxu, Mm, Isa^Vhc, Isa, Md^Xm, Rr, Re, Re, Gd, Gs, Gs^Es, Gg^Efm, Gg^Eff, Gs^Fds, Gs, Gs^Fds, Gs^Fds
Gg, Re, Re, Re, Re, Re, Re, Rp, Re, Rp^Es, Rr, Ch, Isa, Isa, Isa, Isa, Mm^Xm, Mm^Xm, 3 Kh, Mm^Xm, Mm^Xm, Isa, Isa, Isa, Isa, Ch, Rr, Re, Rp, Gd, Gs^Fds, Gs^Fds, Gd, Gd, Gs, Gs^Fds, Gs^Fds, Gs
Gs, Gs, Gs, Gs, Gd^Efm, Gd, Gs, Gs, Gs^Es, Rp^Es, Rr, Ch, Isa, Isa, Mm, Isa, Ch, Mm^Xm, Ch, Mm^Xm, Ch, Isa, Mm, Isa, Isa, Ch, Rr, Rp, Gs, Rp, Rp, Gs^Fds, Gs^Vh, Gd, Gd, Gd, Rr, Rr
Gs, Gs, Gs^Fms, Gs^Fms, Gg, Gg, Gs^Vh, Gs, Rr, Rr, Qxu, Md^Xm, Isa, Isa^Vhc, Mm, Qxu, Qxu, Ch, Ch, Ch, Qxu, Qxu, Mm, Isa^Vhc, Isa, Md^Xm, Qxu, Rr, Rr, Gs^Es, Gg, Rp, Rr, Rr, Rr, Rr, Gg, Gg
Gs, Gs, Gd, Gg, Gg, Gs, Gs, Gs^Es, Gs^Es, Qxu, Mm^Xm, Md^Xm, Ch, Isa, Mm, Mm, Isa^Vhc, Qxu, Isa, Qxu, Isa, Mm, Mm, Isa, Ch, Md^Xm, Md^Xm, Qxu, Rr, Gs, Gs^Fds, Gs, Gd, Gg, Gg, Gg^Es, Gd, Gg
Gg, Gd, Gg, Gg^Es, Gs^Fms, Gd, Gs, Gs^Es, Gs, Qxu, Mm, Ch, Isa, Ch, Isa, Isa, Isa, Isa, Isa, Isa, Isa, Isa, Isa, Ch, Isa, Ch, Mm, Qxu, Re, Gs, Gg, Gs, Gs^Fds, Gs^Fds, Gs, Gg, Gd, Gd
Gg, Gd, Gg, Gg, Gd, Gd, Gs^Es, Gs^Es, Gg, Hh, Mm, Ch, Ch, Ch, Md^Xm, Isa^Vhc, Isa, Isa, Ch, Isa, Isa, Isa^Vhc, Md^Xm, Ch, Ch, Ch, Mm, Hh, Re, Gs^Es, Gg, Gs^Fds, Gs^Fds, Gs^Fds, Gs^Fds, Gs^Vh, Gs, Gd
Gs, Gg, Gg, Gs^Vh, Gs, Gs, Gd, Gs^Fms, Gs, Hh, Hh, Mm, Md^Xm, Md^Xm, Qxu, Md^Xm, Md^Xm, Ch, Ch, Ch, Md^Xm, Md^Xm, Qxu, Md^Xm, Mm^Xm, Mm, Hh, Hh, Re^Es, Gg^Es, Gs, Gd, Gd^Es, Gg, Gs^Fds, Gg, Gs^Efm, Gg
Gs, Gs, Gg, Gg, Gs, Gg, Gs, Gs^Es, Gs, Gs, Gg, Qxu, Qxu, Qxu, Gg^Es, Qxu, Rr, Rr, Rr, Rr, Rp, Qxu, Re, Qxu, Qxu, Qxu, Re, Re, Re, Re^Es, Gs, Gd, Gd, Gd, Gd, Gs, Gg, Gg
Gg, Gs, Gll^Fp, Gg, Gll^Fp, Gs, Gg^Efm, Gg, Gs, Gs, Gg^Eff, Gg, Gs, Gs^Es, Gg^Es, Rr, Gg^Es, Rr^Es, Rp, Rp, Re^Es, Re, Gd, Gs, Gs, Gs, Gs, Gs^Es, Gd, Re, Gs, Gs^Vh, Re^Gvs, Re^Gvs, Re^Gvs, Gg, Gg, Gg
Gll^Fp, Gll^Fp, Gll^Fp, Gll^Fp, Gs, Gs, Gs, Gs, Gs^Eff, Gs^Eff, Re^Gvs, Gd^Eff, Gs^Eff, Gs, Gg, Gg^Es, Gg, Gs, Rp, Gd, Re^Es, Gd, Gs, Gs^Es, Re^Gvs, Re^Gvs, Re^Gvs, Gd, Gg, Gs, Gs^Fds, Re^Gvs, Re^Gvs, Re^Gvs, Re^Gvs, Re^Gvs, Gs, Gg
Gll^Fp, Gll^Fp, Gll^Fp, Gll^Fp, Gs, Gs, Gs, Gs^Eff, Re^Gvs, Re^Gvs, Re^Gvs, Re^Gvs, Re^Gvs, Gd^Eff, Gs^Eff, Gs, Gs, Gs, Rp, Gd, Gs, Gs, Gg, Re^Gvs, Re^Gvs, Re^Gvs, Re^Gvs, Gd^Wm, Re^Gvs, Gs^Fds, Gs^Fds, Re^Gvs, Gs, Re^Gvs, Gg, Gg^Efm, Gs, Gg
Gg, Gll^Fp, Gll^Fp, Gll^Fp, Gs, Gs^Vh, Gs, Gs, Re^Gvs, Re^Gvs, Re^Gvs, Re^Gvs, Re^Gvs, Re^Gvs, Gs^Eff, Gs^Eff, Gg^Efm, Gd, Gs, Rr, Gs^Fds, Gs^Fds, Gs, Gs^Vh, Re^Gvs, Re^Gvs, Re^Gvs, Re^Gvs, Re^Gvs, Gd, Gg, Gs, Gs^Fds, Gd, Gg, Gs, Gd, Gg
Gll^Fp, Gll^Fp, Ce, Gll^Fp, Ce, Gs, Gll^Fp, Gs, Gs, Gs^Wm, Re^Gvs, Re^Gvs, Re^Gvs, Re^Eff, Gs, Gg, Gs, Gs, Gg, Rr, Gs, Gs^Fds, Gg, Gs, Gs^Vh, Re^Gvs, Gs, Re^Gvs, Gs^Eff, Gd, Gd, Gs^Efm, Gs, Gg, Gs^Fds, Gs, Gs^Fds, Gg
Gll^Fp, Re, Ce, 1 Ke, Re, Re, Gll^Fp, Gg, Gs, Re^Gvs, Gll^Fp, Re^Gvs, Gll^Fp, Gs^Vh, Gs, Gs, Gll^Fp, Gg, Gg, Rr, Rr, Gd, Gs^Fds, Gs^Fds, Gs, Gs, Gs^Eff, Gs^Eff, Re^Gvs, Re^Eff, Gs^Eff, Gs, Gg, Gg, Gs^Fds, Gs^Fds, Gs^Fds, Gg
Gll^Fp, Re, Re, 2 Ce, Ce, Re, Re, Gll^Fp, Gll^Fp, Gll^Fp, Gll^Fp, Gll^Fp, Gll^Fp, Gll^Fp, Gs, Gg, Gll^Fp, Gg^Es, Gg, Gg, Gg, Rr, Gd, Gs^Fds, Gs^Fds, Gg, Gs, Re^Gvs, Re^Gvs, Re^Gvs, Gs^Vh, Gs^Eff, Gg^Eff, Gs^Fds, Gg, Gg, Gs^Fds, Gs^Fds
Gll^Fp, Gll^Fp, Re, Ce, Gll^Fp, Ce, Gll^Fp, Gll^Fp, Gll^Fp, Gll^Fp, Gll^Fp, Gll^Fp, Gll^Fp, Gll^Fp, Gg, Gll^Fp, Gll^Fp, Gs, Gs^Vh, Gg, Gg, Rr, Gs, Gs^Fds, Gg, Gs, Re^Gvs, Re^Gvs, Re^Gvs, Re^Gvs, Gg^Eff, Gg^Eff, Gg^Efm, Gg, Gs, Gs, Gs^Fds, Gs^Fds
Gll^Fp, Gll^Fp, Gll^Fp, Gll^Fp, Gll^Fp, Gll^Fp, Gll^Fp, Gll^Fp, Gs, Gs, Gll^Fp, Gll^Fp, Gll^Fp, Gll^Fp, Gll^Fp, Gll^Fp, Gll^Fp, Gs, Gll^Fp, Gg, Gs, Rr, Gg, Gs^Fds, Gg, Gs, Gs, Gs, Gs, Gg^Eff, Gs^Fds, Gg, Gs^Fds, Gg, Gs^Fds, Gs^Fds, Gg, Gg
Gg, Gll^Fp, Gll^Fp, Gll^Fp, Gll^Fp, Gll^Fp, Gll^Fp, Gs, Gs, Gs, Gs, Gll^Fp, Gg, Gll^Fp, Gll^Fp, Gll^Fp, Gll^Fp, Gll^Fp, Gll^Fp, Gg, Gg, Rr, Gg, Gg, Gg, Gg, Gg, Gg, Gs, Gs^Fds, Gs^Fds, Gs^Fds, Gs^Fds, Gs^Fds, 5 Gs^Fds, Gs^Fds, Gs^Fds, Gs^Fds
